Removed Pin From Net: NetName=VCC Pin=JP6-4
Removed Pin From Net: NetName=SCK Pin=JP6-11
Removed Pin From Net: NetName=MISO Pin=JP6-12
Removed Pin From Net: NetName=MOSI Pin=JP6-13
Removed Pin From Net: NetName=D13 Pin=JP6-14
Removed Pin From Net: NetName=D12 Pin=JP7-1
Removed Pin From Net: NetName=D11 Pin=JP7-2
Removed Pin From Net: NetName=D10 Pin=JP7-3
Removed Pin From Net: NetName=D9 Pin=JP7-4
Removed Pin From Net: NetName=D8 Pin=JP7-5
Removed Pin From Net: NetName=D7 Pin=JP7-6
Removed Pin From Net: NetName=D6 Pin=JP7-7
Removed Pin From Net: NetName=D5 Pin=JP7-8
Removed Pin From Net: NetName=D4 Pin=JP7-9
Removed Pin From Net: NetName=D3 Pin=JP7-10
Removed Pin From Net: NetName=D2 Pin=JP7-11
Removed Pin From Net: NetName=GND Pin=JP7-12
Removed Pin From Net: NetName=D+ Pin=U2-3
Removed Pin From Net: NetName=D- Pin=U2-4
Change Managed Component Library Link : Designator=JP6 Old VaultGUID=B7D15EC3-160A-466F-A46C-7801FE6295A7 New VaultGUID= Old ItemGUID=B169547B-BC91-4C0A-8690-B0F00CD941FD New ItemGUID= Old RevisionGUID=0B76B14A-3914-4141-BA66-485E40266661 New RevisionGUID=
Change Managed Component Library Link : Designator=JP7 Old VaultGUID=B7D15EC3-160A-466F-A46C-7801FE6295A7 New VaultGUID= Old ItemGUID=B169547B-BC91-4C0A-8690-B0F00CD941FD New ItemGUID= Old RevisionGUID=0B76B14A-3914-4141-BA66-485E40266661 New RevisionGUID=
Added Pin To Net: NetName=GND Pin=JP6-3
Added Pin To Net: NetName=D7 Pin=JP6-4
Added Pin To Net: NetName=D13 Pin=JP6-11
Added Pin To Net: NetName=D5 Pin=JP6-12
Added Pin To Net: NetName=D10 Pin=JP6-13
Added Pin To Net: NetName=D9 Pin=JP6-14
Added Pin To Net: NetName=GND Pin=JP7-1
Added Pin To Net: NetName=SCK Pin=JP7-2
Added Pin To Net: NetName=MOSI Pin=JP7-3
Added Pin To Net: NetName=MISO Pin=JP7-4
Added Pin To Net: NetName=D11 Pin=JP7-6
Added Pin To Net: NetName=D3 Pin=JP7-7
Added Pin To Net: NetName=D2 Pin=JP7-8
Added Pin To Net: NetName=D4 Pin=JP7-11
Added Pin To Net: NetName=D12 Pin=JP7-12
Added Pin To Net: NetName=D6 Pin=JP7-13
Added Pin To Net: NetName=D8 Pin=JP7-14
Added Pin To Net: NetName=D- Pin=U2-3
Added Pin To Net: NetName=D+ Pin=U2-4
Change Net Name : Old Net Name=D17 New Net Name=RXLED
Change Net Name : Old Net Name=NetC5_2 New Net Name=AREF
Change Net Name : Old Net Name=NetC6_2 New Net Name=UCAP
Change Net Name : Old Net Name=NetR3_1 New Net Name=TXLED
Change Net Name : Old Net Name=NetR8_1 New Net Name=HWB
Added Pin To Net: NetName=D0_RX Pin=JP7-9
Added Pin To Net: NetName=D0_RX Pin=U2-20
Added Net: Name=D0_RX
Added Pin To Net: NetName=D1_TX Pin=JP7-10
Added Pin To Net: NetName=D1_TX Pin=U2-21
Added Net: Name=D1_TX
Added Pin To Net: NetName=RST Pin=JP7-5
Added Pin To Net: NetName=RST Pin=R4-2
Added Pin To Net: NetName=RST Pin=U2-13
Added Net: Name=RST
